1428.7703	151.3626
1446.8601	51.1985
1457.7777	32.4852
1507.7594	32.0366
1546.8065	16.4852
1584.8656	43.8250
1623.8417	11.4809
1629.8818	70.5835
1742.9685	142.9559
1757.9264	287.4741
1777.1626	137.1935
1787.8085	196.2013
1890.0410	14.7449
1985.0032	16.0581
2002.9501	247.3164
